[2026-05-12T16:49:54.011] [DEBUG] debug-file - env: nodejsVersion=v18.20.1
[2026-05-12T16:49:54.618] [DEBUG] debug-file - Hvigor init with startParameters:{
  hvigorfileTypeCheck: false,
  parallelExecution: true,
  incrementalExecution: true,
  printStackTrace: false,
  daemon: false,
  analyze: 0,
  logLevel: Level { level: 20000, levelStr: 'INFO', colour: 'green' },
  optimizationStrategy: 'memory',
  hotCompile: undefined,
  hotReloadBuild: undefined,
  customizedParam: undefined
}
[2026-05-12T16:49:57.601] [DEBUG] debug-file - hvigorfile, require result:  { appTasks: [Getter] }
[2026-05-12T16:49:57.604] [DEBUG] debug-file - Starting plugin build process
[2026-05-12T16:49:57.927] [DEBUG] debug-file - App plugin register hook start...
[2026-05-12T16:49:57.932] [DEBUG] debug-file - Start initialize project's product build option map with build mode debug.
[2026-05-12T16:49:57.939] [DEBUG] debug-file - Obtain build option for product 'default'in this build.
[2026-05-12T16:49:57.960] [DEBUG] debug-file - Start recording SDK configuration permission data.
[2026-05-12T16:49:58.039] [DEBUG] debug-file - Project task initialization takes 11 ms 
[2026-05-12T16:49:58.056] [DEBUG] debug-file - failed to load cangjie to dynamically generate schemas: Error: Cannot find module '@ohos/cangjie-build-support/index'
Require stack:
- C:\DevEco Studio\tools\hvigor\hvigor-ohos-plugin\src\plugin\hooks\cangjie-register.js
- C:\DevEco Studio\tools\hvigor\hvigor-ohos-plugin\src\plugin\strategy\stage-init-strategy.js
- C:\DevEco Studio\tools\hvigor\hvigor-ohos-plugin\src\plugin\builder\abstract-plugin-builder.js
- C:\DevEco Studio\tools\hvigor\hvigor-ohos-plugin\src\plugin\builder\app-plugin-builder.js
- C:\DevEco Studio\tools\hvigor\hvigor-ohos-plugin\src\plugin\factory\plugin-factory.js
- C:\DevEco Studio\tools\hvigor\hvigor-ohos-plugin\index.js
- D:\SimpleCalculator-master\hvigorfile.ts
- C:\DevEco Studio\tools\hvigor\hvigor\src\base\internal\lifecycle\configuration.js
- C:\DevEco Studio\tools\hvigor\hvigor\src\base\boot\index.js
- C:\DevEco Studio\tools\hvigor\hvigor\src\cli\main\cli.js
- C:\DevEco Studio\tools\hvigor\hvigor\bin\hvigor.js
[2026-05-12T16:49:58.086] [DEBUG] debug-file - Start initialize module-target build option map, moduleName=entry, buildMode=release
[2026-05-12T16:49:58.106] [DEBUG] debug-file - project has submodules:entry
[2026-05-12T16:49:58.110] [DEBUG] debug-file - start to load updatedOhPackageInfo to the disk
[2026-05-12T16:49:58.126] [DEBUG] debug-file - Start to initialize dependency information.
[2026-05-12T16:49:58.141] [DEBUG] debug-file - entry : clean cost memory 0.1066741943359375
[2026-05-12T16:49:54.013] [DEBUG] debug-file - env: hvigor-config.json5 content = { modelVersion: '5.0.5', dependencies: {} }
[2026-05-12T16:49:54.618] [DEBUG] debug-file - Since current hvigor version 6.22.4 differs from last hvigor version 
      undefined, delete file-cache.json and task-cache.json.
[2026-05-12T16:49:58.186] [DEBUG] debug-file - Create  resident worker with id: 0.
[2026-05-12T16:49:57.601] [DEBUG] debug-file - hvigorfile, binding system plugins { appTasks: [Getter] }
[2026-05-12T16:49:57.604] [DEBUG] debug-file - App plugin prepare start...
[2026-05-12T16:49:57.932] [DEBUG] debug-file - Picking option from product 'default' with build mode 'debug'.
[2026-05-12T16:49:57.928] [DEBUG] debug-file - App plugin register hook end...
[2026-05-12T16:49:57.942] [DEBUG] debug-file - No signingConfig found, initRemoteHspCache failed.
[2026-05-12T16:49:58.025] [DEBUG] debug-file - Sdk init in 82 ms 
[2026-05-12T16:49:58.039] [DEBUG] debug-file - hvigorfile, resolve finished D:\SimpleCalculator-master\hvigorfile.ts
[2026-05-12T16:49:58.086] [DEBUG] debug-file - Target 'default' config initialized
[2026-05-12T16:49:58.116] [DEBUG] debug-file - load to the disk finished
[2026-05-12T16:49:58.130] [DEBUG] debug-file - Module entry Collected Dependency: 
[2026-05-12T16:49:58.141] [DEBUG] debug-file - runTaskFromQueue task cost before running: 3 s 536 ms 
[2026-05-12T16:49:54.016] [DEBUG] debug-file - env: daemon=false
[2026-05-12T16:49:54.619] [DEBUG] debug-file - Cache service initialization finished in 1 ms 
[2026-05-12T16:49:58.191] [DEBUG] debug-file - Create  resident worker with id: 1.
[2026-05-12T16:49:57.604] [DEBUG] debug-file - App plugin prepare end...
[2026-05-12T16:49:57.932] [DEBUG] debug-file - Product 'default' build option initialized
[2026-05-12T16:49:57.928] [DEBUG] debug-file - Plugin build process completed
[2026-05-12T16:49:57.945] [DEBUG] debug-file - Local scan or download HarmonyOS sdk components toolchains,ets,js,native,previewer
[2026-05-12T16:49:58.087] [DEBUG] debug-file - Module 'entry' target 'default' build option initialized
[2026-05-12T16:49:58.040] [DEBUG] debug-file - hvigorfile, resolving D:\SimpleCalculator-master\entry\hvigorfile.ts
[2026-05-12T16:49:58.142] [INFO] debug-file - Finished :entry:clean... after 3 ms 
[2026-05-12T16:49:58.130] [DEBUG] debug-file - Module entry's total dependency: 0
[2026-05-12T16:49:58.194] [DEBUG] debug-file - Current worker pool is stopped or closed.
[2026-05-12T16:49:58.118] [DEBUG] debug-file - Start to initialize dependency information.
[2026-05-12T16:49:54.016] [DEBUG] debug-file - no-daemon, use the parent process.execArgv --max-old-space-size=8192,--max-semi-space-size=16,--expose-gc
[2026-05-12T16:49:57.604] [DEBUG] debug-file - App plugin creating...
[2026-05-12T16:49:54.622] [DEBUG] debug-file - hvigorfile, resolving D:\SimpleCalculator-master\hvigorfile.ts
[2026-05-12T16:49:57.933] [DEBUG] debug-file - End initialize project's product build option map with build mode 'debug'.
[2026-05-12T16:49:57.952] [DEBUG] debug-file - Local scan or download hmscore sdk components toolchains,ets,native
[2026-05-12T16:49:58.087] [DEBUG] debug-file - End initialize module-target build option map, moduleName=entry
[2026-05-12T16:49:58.052] [DEBUG] debug-file - hvigorfile, require result:  { hapTasks: [Getter] }
[2026-05-12T16:49:58.135] [DEBUG] debug-file - Configuration phase cost:3 s 516 ms 
[2026-05-12T16:49:58.143] [DEBUG] debug-file - Executing task ::clean
[2026-05-12T16:49:58.124] [DEBUG] debug-file - Module SimpleCalculator-master Collected Dependency: 
[2026-05-12T16:49:58.195] [DEBUG] debug-file - Clear worker 0.
[2026-05-12T16:49:58.087] [DEBUG] debug-file - Start initialize module-target build option map, moduleName=entry, buildMode=debug
[2026-05-12T16:49:58.138] [DEBUG] debug-file - Configuration task cost before running: 3 s 533 ms 
[2026-05-12T16:49:58.052] [DEBUG] debug-file - hvigorfile, binding system plugins { hapTasks: [Getter] }
[2026-05-12T16:49:58.124] [DEBUG] debug-file - Module SimpleCalculator-master's total dependency: 0
[2026-05-12T16:49:58.143] [DEBUG] debug-file - clean: Worker pool is inactive.
[2026-05-12T16:49:58.195] [DEBUG] debug-file - Worker 0 has been cleared.
[2026-05-12T16:49:58.087] [DEBUG] debug-file - Target 'default' config initialized
[2026-05-12T16:49:58.052] [DEBUG] debug-file - Starting plugin build process
[2026-05-12T16:49:58.138] [DEBUG] debug-file - Executing task :entry:clean
[2026-05-12T16:49:58.143] [DEBUG] debug-file - SimpleCalculator-master : clean cost memory 0.01943206787109375
[2026-05-12T16:49:58.195] [DEBUG] debug-file - Current idle worker size: 1.
[2026-05-12T16:49:58.139] [DEBUG] debug-file - clean: Worker pool is inactive.
[2026-05-12T16:49:58.088] [DEBUG] debug-file - Module 'entry' target 'default' build option initialized
[2026-05-12T16:49:58.144] [DEBUG] debug-file - runTaskFromQueue task cost before running: 3 s 538 ms 
[2026-05-12T16:49:58.195] [DEBUG] debug-file - Current busy worker size: 0.
[2026-05-12T16:49:58.052] [DEBUG] debug-file - Hap plugin creating...
[2026-05-12T16:49:58.144] [INFO] debug-file - Finished ::clean... after 1 ms 
[2026-05-12T16:49:58.088] [DEBUG] debug-file - End initialize module-target build option map, moduleName=entry
[2026-05-12T16:49:58.195] [DEBUG] debug-file - Clear worker 1.
[2026-05-12T16:49:58.144] [DEBUG] debug-file - Executing task :entry:init
[2026-05-12T16:49:58.088] [DEBUG] debug-file - Start initialize module-target build option map, moduleName=entry, buildMode=debug
[2026-05-12T16:49:58.145] [DEBUG] debug-file - entry : init cost memory 0.01263427734375
[2026-05-12T16:49:58.195] [DEBUG] debug-file - Worker 1 has been cleared.
[2026-05-12T16:49:58.088] [DEBUG] debug-file - Target 'default' config initialized
[2026-05-12T16:49:58.145] [DEBUG] debug-file - runTaskFromQueue task cost before running: 3 s 540 ms 
[2026-05-12T16:49:58.195] [DEBUG] debug-file - Current idle worker size: 0.
[2026-05-12T16:49:58.088] [DEBUG] debug-file - Module 'entry' target 'default' build option initialized
[2026-05-12T16:49:58.146] [INFO] debug-file - Finished :entry:init... after 1 ms 
[2026-05-12T16:49:58.195] [DEBUG] debug-file - Current busy worker size: 0.
[2026-05-12T16:49:58.088] [DEBUG] debug-file - End initialize module-target build option map, moduleName=entry
[2026-05-12T16:49:58.146] [DEBUG] debug-file - Executing task ::init
[2026-05-12T16:49:58.196] [DEBUG] debug-file - hvigor build process will be closed.
[2026-05-12T16:49:58.089] [DEBUG] debug-file - Obtain build option for module 'entry' target 'default'in this build.
[2026-05-12T16:49:58.146] [DEBUG] debug-file - SimpleCalculator-master : init cost memory 0.01141357421875
[2026-05-12T16:49:58.208] [DEBUG] debug-file - worker[0] exits with exit code 0.
[2026-05-12T16:49:58.102] [DEBUG] debug-file - Module entry task initialization takes 12 ms 
[2026-05-12T16:49:58.146] [DEBUG] debug-file - runTaskFromQueue task cost before running: 3 s 541 ms 
[2026-05-12T16:49:58.208] [DEBUG] debug-file - worker[1] exits with exit code 0.
[2026-05-12T16:49:58.103] [DEBUG] debug-file - Hap plugin register hook start...
[2026-05-12T16:49:58.147] [INFO] debug-file - Finished ::init... after 1 ms 
[2026-05-12T16:49:58.209] [DEBUG] debug-file - Current worker pool is terminated.
[2026-05-12T16:49:58.103] [DEBUG] debug-file - Hap plugin register hook end...
[2026-05-12T16:49:58.158] [DEBUG] debug-file - Obtain build option for module 'entry' target 'default'in this build.
[2026-05-12T16:49:58.103] [DEBUG] debug-file - Plugin build process completed
[2026-05-12T16:49:58.179] [DEBUG] debug-file - Since there is no instance or instance is terminated, create a new worker pool.
[2026-05-12T16:49:58.103] [DEBUG] debug-file - hvigorfile, resolve finished D:\SimpleCalculator-master\entry\hvigorfile.ts
[2026-05-12T16:49:58.179] [DEBUG] debug-file - Worker pool is initialized with config:  {
  minPoolNum: 2,
  maxPoolNum: undefined,
  maxCoreSize: undefined,
  cacheCapacity: undefined,
  cacheTtl: undefined
}
[2026-05-12T16:50:14.874] [DEBUG] debug-file - env: nodejsVersion=v18.20.1
[2026-05-12T16:50:14.956] [DEBUG] debug-file - env: daemon=true
[2026-05-12T16:50:14.876] [DEBUG] debug-file - env: hvigor-config.json5 content = { modelVersion: '5.0.5', dependencies: {} }
[2026-05-12T16:50:15.917] [DEBUG] debug-file - java daemon tryConnect failed Error: connect ECONNREFUSED 127.0.0.1:45050
[2026-05-12T16:50:15.940] [DEBUG] debug-file - java daemon started at port 45050 pid 1188
[2026-05-12T16:50:15.984] [DEBUG] debug-file - session manager: set active socket. socketId=b_IDMnRk6mysxYM0AAAB
[2026-05-12T16:50:16.962] [DEBUG] debug-file - watch worker: worker id should be larger than 0. Nothing will be sent to any worker thread.
[2026-05-12T16:50:16.968] [DEBUG] debug-file - Since there is no instance or instance is terminated, create a new worker pool.
[2026-05-12T16:50:16.969] [DEBUG] debug-file - Worker pool is initialized with config:  {
  minPoolNum: 2,
  maxPoolNum: undefined,
  maxCoreSize: undefined,
  cacheCapacity: undefined,
  cacheTtl: undefined
}
[2026-05-12T16:50:16.970] [DEBUG] debug-file - Create  resident worker with id: 0.
[2026-05-12T16:50:16.974] [DEBUG] debug-file - Create  resident worker with id: 1.
[2026-05-12T16:50:16.976] [DEBUG] debug-file - Workers' log level updated to INFO
[2026-05-12T16:50:16.988] [DEBUG] debug-file - Hvigor init with startParameters:{
  hvigorfileTypeCheck: false,
  parallelExecution: true,
  incrementalExecution: true,
  printStackTrace: false,
  daemon: true,
  analyze: 0,
  logLevel: Level { level: 20000, levelStr: 'INFO', colour: 'green' },
  optimizationStrategy: 'memory',
  hotCompile: undefined,
  hotReloadBuild: undefined,
  customizedParam: undefined
}
[2026-05-12T16:50:16.990] [DEBUG] debug-file - Cache service initialization finished in 2 ms 
[2026-05-12T16:50:16.993] [DEBUG] debug-file - hvigorfile, resolving D:\SimpleCalculator-master\hvigorfile.ts
[2026-05-12T16:50:19.656] [DEBUG] debug-file - hvigorfile, require result:  {}
[2026-05-12T16:50:19.656] [DEBUG] debug-file - hvigorfile, binding system plugins {}
[2026-05-12T16:50:19.657] [DEBUG] debug-file - Starting plugin build process
[2026-05-12T16:50:19.657] [DEBUG] debug-file - App plugin prepare start...
[2026-05-12T16:50:19.658] [DEBUG] debug-file - App plugin prepare end...
[2026-05-12T16:50:19.658] [DEBUG] debug-file - App plugin creating...
[2026-05-12T16:50:19.921] [DEBUG] debug-file - App plugin register hook start...
[2026-05-12T16:50:19.922] [DEBUG] debug-file - App plugin register hook end...
[2026-05-12T16:50:19.922] [DEBUG] debug-file - Plugin build process completed
[2026-05-12T16:50:19.923] [DEBUG] debug-file - Start initialize project's product build option map with build mode debug.
[2026-05-12T16:50:19.924] [DEBUG] debug-file - Picking option from product 'default' with build mode 'debug'.
[2026-05-12T16:50:19.924] [DEBUG] debug-file - Product 'default' build option initialized
[2026-05-12T16:50:19.924] [DEBUG] debug-file - End initialize project's product build option map with build mode 'debug'.
[2026-05-12T16:50:19.927] [DEBUG] debug-file - Obtain build option for product 'default'in this build.
[2026-05-12T16:50:19.929] [DEBUG] debug-file - No signingConfig found, initRemoteHspCache failed.
[2026-05-12T16:50:19.933] [DEBUG] debug-file - Local scan or download HarmonyOS sdk components toolchains,ets,js,native,previewer
[2026-05-12T16:50:19.937] [DEBUG] debug-file - Local scan or download hmscore sdk components toolchains,ets,native
[2026-05-12T16:50:19.939] [DEBUG] debug-file - Start recording SDK configuration permission data.
[2026-05-12T16:50:19.989] [DEBUG] debug-file - Sdk init in 59 ms 
[2026-05-12T16:50:19.997] [DEBUG] debug-file - Project task initialization takes 7 ms 
[2026-05-12T16:50:19.998] [DEBUG] debug-file - hvigorfile, resolve finished D:\SimpleCalculator-master\hvigorfile.ts
[2026-05-12T16:50:19.999] [DEBUG] debug-file - hvigorfile, resolving D:\SimpleCalculator-master\entry\hvigorfile.ts
[2026-05-12T16:50:20.006] [DEBUG] debug-file - hvigorfile, require result:  {}
[2026-05-12T16:50:20.006] [DEBUG] debug-file - hvigorfile, binding system plugins {}
[2026-05-12T16:50:20.007] [DEBUG] debug-file - Starting plugin build process
[2026-05-12T16:50:20.007] [DEBUG] debug-file - Hap plugin creating...
[2026-05-12T16:50:20.008] [DEBUG] debug-file - failed to load cangjie to dynamically generate schemas: Error: Cannot find module '@ohos/cangjie-build-support/index'
Require stack:
- C:\DevEco Studio\tools\hvigor\hvigor-ohos-plugin\src\plugin\hooks\cangjie-register.js
- C:\DevEco Studio\tools\hvigor\hvigor-ohos-plugin\src\plugin\strategy\stage-init-strategy.js
- C:\DevEco Studio\tools\hvigor\hvigor-ohos-plugin\src\plugin\builder\abstract-plugin-builder.js
- C:\DevEco Studio\tools\hvigor\hvigor-ohos-plugin\src\plugin\builder\app-plugin-builder.js
- C:\DevEco Studio\tools\hvigor\hvigor-ohos-plugin\src\plugin\factory\plugin-factory.js
- C:\DevEco Studio\tools\hvigor\hvigor-ohos-plugin\index.js
- D:\SimpleCalculator-master\hvigorfile.ts
- C:\DevEco Studio\tools\hvigor\hvigor\src\base\internal\lifecycle\configuration.js
- C:\DevEco Studio\tools\hvigor\hvigor\src\base\boot\index.js
- C:\DevEco Studio\tools\hvigor\hvigor\src\base\daemon\cluster\worker-process-lifecycle.js
- C:\DevEco Studio\tools\hvigor\hvigor\src\base\daemon\process\daemon-process-boot-script.js
[2026-05-12T16:50:20.024] [DEBUG] debug-file - Start initialize module-target build option map, moduleName=entry, buildMode=release
[2026-05-12T16:50:20.025] [DEBUG] debug-file - Target 'default' config initialized
[2026-05-12T16:50:20.025] [DEBUG] debug-file - Module 'entry' target 'default' build option initialized
[2026-05-12T16:50:20.025] [DEBUG] debug-file - End initialize module-target build option map, moduleName=entry
[2026-05-12T16:50:20.025] [DEBUG] debug-file - Start initialize module-target build option map, moduleName=entry, buildMode=debug
[2026-05-12T16:50:20.025] [DEBUG] debug-file - Target 'default' config initialized
[2026-05-12T16:50:20.026] [DEBUG] debug-file - Module 'entry' target 'default' build option initialized
[2026-05-12T16:50:20.026] [DEBUG] debug-file - End initialize module-target build option map, moduleName=entry
[2026-05-12T16:50:20.026] [DEBUG] debug-file - Start initialize module-target build option map, moduleName=entry, buildMode=debug
[2026-05-12T16:50:20.026] [DEBUG] debug-file - Target 'default' config initialized
[2026-05-12T16:50:20.026] [DEBUG] debug-file - Module 'entry' target 'default' build option initialized
[2026-05-12T16:50:20.027] [DEBUG] debug-file - End initialize module-target build option map, moduleName=entry
[2026-05-12T16:50:20.027] [DEBUG] debug-file - Obtain build option for module 'entry' target 'default'in this build.
[2026-05-12T16:50:20.035] [DEBUG] debug-file - Module entry task initialization takes 6 ms 
[2026-05-12T16:50:20.035] [DEBUG] debug-file - Hap plugin register hook start...
[2026-05-12T16:50:20.035] [DEBUG] debug-file - Hap plugin register hook end...
[2026-05-12T16:50:20.035] [DEBUG] debug-file - Plugin build process completed
[2026-05-12T16:50:20.035] [DEBUG] debug-file - hvigorfile, resolve finished D:\SimpleCalculator-master\entry\hvigorfile.ts
[2026-05-12T16:50:20.120] [DEBUG] debug-file - hvigorfile, resolve hvigorfile dependencies in 84 ms 
[2026-05-12T16:50:20.120] [DEBUG] debug-file - project has submodules:entry
[2026-05-12T16:50:20.125] [DEBUG] debug-file - start to load updatedOhPackageInfo to the disk
[2026-05-12T16:50:20.133] [DEBUG] debug-file - load to the disk finished
[2026-05-12T16:50:20.135] [DEBUG] debug-file - Start to initialize dependency information.
[2026-05-12T16:50:20.139] [DEBUG] debug-file - Module SimpleCalculator-master Collected Dependency: 
[2026-05-12T16:50:20.139] [DEBUG] debug-file - Module SimpleCalculator-master's total dependency: 0
[2026-05-12T16:50:20.141] [DEBUG] debug-file - Start to initialize dependency information.
[2026-05-12T16:50:20.145] [DEBUG] debug-file - Module entry Collected Dependency: 
[2026-05-12T16:50:20.145] [DEBUG] debug-file - Module entry's total dependency: 0
[2026-05-12T16:50:20.151] [DEBUG] debug-file - Configuration phase cost:3 s 160 ms 
[2026-05-12T16:50:20.154] [DEBUG] debug-file - Configuration task cost before running: 3 s 177 ms 
[2026-05-12T16:50:20.165] [DEBUG] debug-file - Executing task :entry:default@PreBuild
[2026-05-12T16:50:20.168] [DEBUG] debug-file - Task 'entry:default@PreBuild' cost while wrapping incremental declarations: 1 ms 
[2026-05-12T16:50:20.442] [DEBUG] debug-file - current product is not Atomic service.
[2026-05-12T16:50:20.442] [DEBUG] debug-file - Use tool [win32: JAVA_HOME, CLASSPATH]
 [ { JAVA_HOME: 'C:\\DevEco Studio\\jbr' }, { CLASSPATH: undefined } ]
[2026-05-12T16:50:20.443] [DEBUG] debug-file - Use tool [win32: NODE_HOME]
 [ { NODE_HOME: 'C:\\DevEco Studio\\tools\\node' } ]
[2026-05-12T16:50:20.444] [DEBUG] debug-file - entry : default@PreBuild cost memory 12.233665466308594
[2026-05-12T16:50:20.444] [DEBUG] debug-file - runTaskFromQueue task cost before running: 3 s 467 ms 
[2026-05-12T16:50:20.447] [INFO] debug-file - Finished :entry:default@PreBuild... after 280 ms 
[2026-05-12T16:50:20.449] [DEBUG] debug-file - Executing task :entry:default@CreateModuleInfo
[2026-05-12T16:50:20.449] [DEBUG] debug-file - Task 'entry:default@CreateModuleInfo' cost while wrapping incremental declarations: 1 ms 
[2026-05-12T16:50:20.450] [DEBUG] debug-file - entry : default@CreateModuleInfo cost memory 0.0424957275390625
[2026-05-12T16:50:20.450] [DEBUG] debug-file - runTaskFromQueue task cost before running: 3 s 473 ms 
[2026-05-12T16:50:20.450] [INFO] debug-file - Finished :entry:default@CreateModuleInfo... after 2 ms 
[2026-05-12T16:50:20.452] [DEBUG] debug-file - Executing task :entry:default@GenerateMetadata
[2026-05-12T16:50:20.453] [DEBUG] debug-file - Task 'entry:default@GenerateMetadata' cost while wrapping incremental declarations: 1 ms 
[2026-05-12T16:50:20.457] [DEBUG] debug-file - entry : default@GenerateMetadata cost memory 0.0610198974609375
[2026-05-12T16:50:20.457] [DEBUG] debug-file - runTaskFromQueue task cost before running: 3 s 480 ms 
[2026-05-12T16:50:20.457] [INFO] debug-file - Finished :entry:default@GenerateMetadata... after 6 ms 
[2026-05-12T16:50:20.459] [DEBUG] debug-file - Executing task :entry:default@ConfigureCmake
[2026-05-12T16:50:20.459] [DEBUG] debug-file - entry : default@ConfigureCmake cost memory 0.01456451416015625
[2026-05-12T16:50:20.459] [DEBUG] debug-file - runTaskFromQueue task cost before running: 3 s 482 ms 
[2026-05-12T16:50:20.460] [INFO] debug-file - Finished :entry:default@ConfigureCmake... after 1 ms 
[2026-05-12T16:50:20.461] [DEBUG] debug-file - Executing task :entry:default@MergeProfile
[2026-05-12T16:50:20.462] [DEBUG] debug-file - Task 'entry:default@MergeProfile' cost while wrapping incremental declarations: 1 ms 
[2026-05-12T16:50:20.463] [DEBUG] debug-file - Change app api release type with 'Release'
[2026-05-12T16:50:20.463] [DEBUG] debug-file - Change app compile API version with '6.0.2.130'
[2026-05-12T16:50:20.463] [DEBUG] debug-file - Change app target API version with '60002022'
[2026-05-12T16:50:20.463] [DEBUG] debug-file - Change app minimum API version with '50005017'
[2026-05-12T16:50:20.464] [DEBUG] debug-file - Use cli appEnvironment
[2026-05-12T16:50:20.466] [DEBUG] debug-file - entry : default@MergeProfile cost memory 0.1447296142578125
[2026-05-12T16:50:20.466] [DEBUG] debug-file - runTaskFromQueue task cost before running: 3 s 489 ms 
[2026-05-12T16:50:20.467] [INFO] debug-file - Finished :entry:default@MergeProfile... after 6 ms 
[2026-05-12T16:50:20.469] [DEBUG] debug-file - Executing task :entry:default@CreateBuildProfile
[2026-05-12T16:50:20.470] [DEBUG] debug-file - Task 'entry:default@CreateBuildProfile' cost while wrapping incremental declarations: 1 ms 
[2026-05-12T16:50:20.472] [DEBUG] debug-file - entry : default@CreateBuildProfile cost memory 0.063201904296875
[2026-05-12T16:50:20.472] [DEBUG] debug-file - runTaskFromQueue task cost before running: 3 s 495 ms 
[2026-05-12T16:50:20.472] [INFO] debug-file - Finished :entry:default@CreateBuildProfile... after 4 ms 
[2026-05-12T16:50:20.474] [DEBUG] debug-file - Executing task :entry:default@PreCheckSyscap
[2026-05-12T16:50:20.475] [DEBUG] debug-file - entry : default@PreCheckSyscap cost memory 0.01476287841796875
[2026-05-12T16:50:20.475] [DEBUG] debug-file - runTaskFromQueue task cost before running: 3 s 498 ms 
[2026-05-12T16:50:20.475] [INFO] debug-file - Finished :entry:default@PreCheckSyscap... after 1 ms 
[2026-05-12T16:50:20.477] [DEBUG] debug-file - Executing task :entry:default@GeneratePkgContextInfo
[2026-05-12T16:50:20.495] [DEBUG] debug-file - Task 'entry:default@GeneratePkgContextInfo' cost while wrapping incremental declarations: 1 ms 
[2026-05-12T16:50:20.496] [DEBUG] debug-file - entry : default@GeneratePkgContextInfo cost memory -10.434829711914062
[2026-05-12T16:50:20.496] [DEBUG] debug-file - runTaskFromQueue task cost before running: 3 s 519 ms 
[2026-05-12T16:50:20.496] [INFO] debug-file - Finished :entry:default@GeneratePkgContextInfo... after 19 ms 
[2026-05-12T16:50:20.504] [DEBUG] debug-file - Executing task :entry:default@ProcessIntegratedHsp
[2026-05-12T16:50:20.505] [DEBUG] debug-file - entry : default@ProcessIntegratedHsp cost memory 0.028411865234375
[2026-05-12T16:50:20.505] [DEBUG] debug-file - runTaskFromQueue task cost before running: 3 s 528 ms 
[2026-05-12T16:50:20.505] [INFO] debug-file - Finished :entry:default@ProcessIntegratedHsp... after 2 ms 
[2026-05-12T16:50:20.508] [DEBUG] debug-file - Executing task :entry:default@BuildNativeWithCmake
[2026-05-12T16:50:20.508] [DEBUG] debug-file - entry : default@BuildNativeWithCmake cost memory 0.0149078369140625
[2026-05-12T16:50:20.508] [DEBUG] debug-file - runTaskFromQueue task cost before running: 3 s 531 ms 
[2026-05-12T16:50:20.508] [INFO] debug-file - Finished :entry:default@BuildNativeWithCmake... after 1 ms 
[2026-05-12T16:50:20.510] [DEBUG] debug-file - Executing task :entry:default@MakePackInfo
[2026-05-12T16:50:20.513] [DEBUG] debug-file - Module Pack Info:  {
  summary: {
    app: { bundleName: 'c***r', bundleType: 'app', version: [Object] },
    modules: [ [Object] ]
  },
  packages: [
    {
      deviceType: [Array],
      moduleType: 'entry',
      deliveryWithInstall: true,
      name: 'entry-default'
    }
  ]
}
[2026-05-12T16:50:20.516] [DEBUG] debug-file - entry : default@MakePackInfo cost memory 0.09656524658203125
[2026-05-12T16:50:20.516] [DEBUG] debug-file - runTaskFromQueue task cost before running: 3 s 539 ms 
[2026-05-12T16:50:20.517] [INFO] debug-file - Finished :entry:default@MakePackInfo... after 6 ms 
[2026-05-12T16:50:20.520] [DEBUG] debug-file - Executing task :entry:default@SyscapTransform
[2026-05-12T16:50:20.520] [DEBUG] debug-file - File: 'D:\SimpleCalculator-master\entry\src\main\syscap.json' from 'sysCapJsonPath' is not exists, just ignore.
[2026-05-12T16:50:20.522] [DEBUG] debug-file - Task 'entry:default@SyscapTransform' cost while wrapping incremental declarations: 2 ms 
[2026-05-12T16:50:20.523] [DEBUG] debug-file - entry : default@SyscapTransform cost memory 0.0567626953125
[2026-05-12T16:50:20.523] [DEBUG] debug-file - runTaskFromQueue task cost before running: 3 s 546 ms 
[2026-05-12T16:50:20.524] [INFO] debug-file - Finished :entry:default@SyscapTransform... after 4 ms 
[2026-05-12T16:50:20.528] [DEBUG] debug-file - Executing task :entry:default@ProcessProfile
[2026-05-12T16:50:20.529] [DEBUG] debug-file - Task 'entry:default@ProcessProfile' cost while wrapping incremental declarations: 1 ms 
[2026-05-12T16:50:20.532] [DEBUG] debug-file - [
  'C:\\DevEco Studio\\tools\\node\\node.exe',
  'C:\\DevEco Studio\\sdk\\default\\openharmony\\ets\\build-tools\\ets-loader\\bin\\ark\\ts2abc.js',
  '--target-api-version',
  '17'
]
[2026-05-12T16:50:21.201] [DEBUG] debug-file - 12.0.6.0
[2026-05-12T16:50:21.204] [DEBUG] debug-file - No need to add fake ui ability because of not in preview process.
[2026-05-12T16:50:21.207] [DEBUG] debug-file - entry : default@ProcessProfile cost memory 2.232879638671875
[2026-05-12T16:50:21.207] [DEBUG] debug-file - runTaskFromQueue task cost before running: 4 s 230 ms 
[2026-05-12T16:50:21.207] [INFO] debug-file - Finished :entry:default@ProcessProfile... after 680 ms 
[2026-05-12T16:50:21.209] [DEBUG] debug-file - Executing task :entry:default@ProcessRouterMap
[2026-05-12T16:50:21.216] [DEBUG] debug-file - entry : default@ProcessRouterMap cost memory 0.07807159423828125
[2026-05-12T16:50:21.216] [DEBUG] debug-file - runTaskFromQueue task cost before running: 4 s 239 ms 
[2026-05-12T16:50:21.217] [INFO] debug-file - Finished :entry:default@ProcessRouterMap... after 8 ms 
[2026-05-12T16:50:21.219] [DEBUG] debug-file - Executing task :entry:default@ProcessShareConfig
[2026-05-12T16:50:21.223] [DEBUG] debug-file - entry : default@ProcessShareConfig cost memory 0.16129302978515625
[2026-05-12T16:50:21.224] [DEBUG] debug-file - runTaskFromQueue task cost before running: 4 s 247 ms 
[2026-05-12T16:50:21.224] [INFO] debug-file - Finished :entry:default@ProcessShareConfig... after 6 ms 
[2026-05-12T16:50:21.226] [DEBUG] debug-file - Executing task :entry:default@ProcessStartupConfig
[2026-05-12T16:50:21.226] [DEBUG] debug-file - Task 'entry:default@ProcessStartupConfig' cost while wrapping incremental declarations: 1 ms 
[2026-05-12T16:50:21.227] [DEBUG] debug-file - entry : default@ProcessStartupConfig cost memory 0.05670166015625
[2026-05-12T16:50:21.228] [DEBUG] debug-file - runTaskFromQueue task cost before running: 4 s 251 ms 
[2026-05-12T16:50:21.228] [INFO] debug-file - Finished :entry:default@ProcessStartupConfig... after 2 ms 
[2026-05-12T16:50:21.230] [DEBUG] debug-file - Executing task :entry:default@BuildNativeWithNinja
[2026-05-12T16:50:21.232] [DEBUG] debug-file - entry : default@BuildNativeWithNinja cost memory 0.02591705322265625
[2026-05-12T16:50:21.232] [DEBUG] debug-file - runTaskFromQueue task cost before running: 4 s 255 ms 
[2026-05-12T16:50:21.232] [INFO] debug-file - Finished :entry:default@BuildNativeWithNinja... after 3 ms 
[2026-05-12T16:50:21.234] [DEBUG] debug-file - restool module names: entry; moduleName=entry, taskName=default@ProcessResource
[2026-05-12T16:50:21.238] [DEBUG] debug-file - Executing task :entry:default@ProcessResource
[2026-05-12T16:50:21.239] [DEBUG] debug-file - Task 'entry:default@ProcessResource' cost while wrapping incremental declarations: 1 ms 
[2026-05-12T16:50:21.243] [DEBUG] debug-file - entry : default@ProcessResource cost memory 0.1045379638671875
[2026-05-12T16:50:21.244] [DEBUG] debug-file - runTaskFromQueue task cost before running: 4 s 267 ms 
[2026-05-12T16:50:21.246] [INFO] debug-file - Finished :entry:default@ProcessResource... after 8 ms 
[2026-05-12T16:50:21.251] [DEBUG] debug-file - Executing task :entry:default@GenerateLoaderJson
[2026-05-12T16:50:21.252] [DEBUG] debug-file - Task 'entry:default@GenerateLoaderJson' cost while wrapping incremental declarations: 1 ms 
[2026-05-12T16:50:21.271] [DEBUG] debug-file - entry : default@GenerateLoaderJson cost memory 0.5390396118164062
[2026-05-12T16:50:21.271] [DEBUG] debug-file - runTaskFromQueue task cost before running: 4 s 294 ms 
[2026-05-12T16:50:21.276] [INFO] debug-file - Finished :entry:default@GenerateLoaderJson... after 20 ms 
[2026-05-12T16:50:21.278] [DEBUG] debug-file - Executing task :entry:default@ProcessLibs
[2026-05-12T16:50:21.286] [DEBUG] debug-file - Worker dispatch failed, running processLibs on main thread.
[2026-05-12T16:50:21.287] [DEBUG] debug-file - entry : default@ProcessLibs cost memory 0.5058746337890625
[2026-05-12T16:50:21.288] [DEBUG] debug-file - runTaskFromQueue task cost before running: 4 s 311 ms 
[2026-05-12T16:50:21.289] [INFO] debug-file - Finished :entry:default@ProcessLibs... after 10 ms 
[2026-05-12T16:50:21.291] [DEBUG] debug-file - restool module names: entry; moduleName=entry, taskName=default@CompileResource
[2026-05-12T16:50:21.292] [DEBUG] debug-file - Executing task :entry:default@CompileResource
[2026-05-12T16:50:21.443] [DEBUG] debug-file - Use tool [C:\DevEco Studio\sdk\default\openharmony\toolchains\restool.exe]
 [
  'C:\\DevEco Studio\\sdk\\default\\openharmony\\toolchains\\restool.exe',
  '-l',
  'D:\\SimpleCalculator-master\\entry\\build\\default\\intermediates\\res\\default\\resConfig.json'
]
[2026-05-12T16:50:21.445] [DEBUG] debug-file - current process  memoryUsage: {
  rss: 299077632,
  heapTotal: 182128640,
  heapUsed: 148363456,
  external: 14382344,
  arrayBuffers: 11481064
} os memoryUsage :14.64687728881836
[2026-05-12T16:50:21.700] [DEBUG] debug-file - Info: Pack: normal pack mode

[2026-05-12T16:50:21.774] [DEBUG] debug-file - Info: hardware concurrency count is : 32
Info: thread count is : 32

[2026-05-12T16:50:21.774] [DEBUG] debug-file - Info: thread pool is started

[2026-05-12T16:50:21.775] [DEBUG] debug-file - Info: GenericCompiler::CompileFiles

[2026-05-12T16:50:21.786] [DEBUG] debug-file - Info: GenericCompiler::CompileFiles

[2026-05-12T16:50:21.794] [DEBUG] debug-file - Info: GenericCompiler::CompileFiles

[2026-05-12T16:50:21.802] [DEBUG] debug-file - 05-12 16:50:21.801 14988 11812 E C01400/ImageTranscoderUtils: DecodeToRGBA IN
05-12 16:50:21.801 14988 11812 E C01400/ImageTranscoderUtils: ImageFilter IN D:\SimpleCalculator-master\AppScope\resources\base\media\app_icon.png

[2026-05-12T16:50:21.813] [DEBUG] debug-file - 05-12 16:50:21.813 14988 11812 E C01400/ImageTranscoder: TranscodeSLR Only zoom-out is supported.

[2026-05-12T16:50:21.813] [DEBUG] debug-file - Warning: ScaleImage failed, error message: INVALID_PARAMETERS, file path = D:\SimpleCalculator-master\AppScope\resources\base\media\app_icon.png

[2026-05-12T16:50:21.816] [DEBUG] debug-file - 05-12 16:50:21.816 14988 11812 E C01400/ImageTranscoderUtils: DecodeToRGBA IN
05-12 16:50:21.816 14988 11812 E C01400/ImageTranscoderUtils: ImageFilter IN D:\SimpleCalculator-master\entry\src\main\resources\base\media\icon.png

[2026-05-12T16:50:21.818] [DEBUG] debug-file - 05-12 16:50:21.817 14988 11812 E C01400/ImageTranscoder: TranscodeSLR Only zoom-out is supported.
Warning: ScaleImage failed, error message: INVALID_PARAMETERS, file path = D:\SimpleCalculator-master\entry\src\main\resources\base\media\icon.png

[2026-05-12T16:50:21.820] [DEBUG] debug-file - Warning: The width or height of the png file referenced by the icon exceeds the limit (41 pixels)
at D:\SimpleCalculator-master\AppScope\resources\base\media\app_icon.png

[2026-05-12T16:50:21.821] [DEBUG] debug-file - Warning: The width or height of the png file referenced by the icon exceeds the limit (41 pixels)
at D:\SimpleCalculator-master\entry\src\main\resources\base\media\icon.png

[2026-05-12T16:50:21.822] [DEBUG] debug-file - Info: restool resources compile success.

[2026-05-12T16:50:21.823] [DEBUG] debug-file - Info: thread pool is stopped

[2026-05-12T16:50:21.897] [DEBUG] debug-file - entry : default@CompileResource cost memory -28.108360290527344
[2026-05-12T16:50:21.897] [DEBUG] debug-file - runTaskFromQueue task cost before running: 4 s 920 ms 
[2026-05-12T16:50:21.898] [INFO] debug-file - Finished :entry:default@CompileResource... after 606 ms 
[2026-05-12T16:50:21.900] [DEBUG] debug-file - Executing task :entry:default@DoNativeStrip
[2026-05-12T16:50:21.900] [DEBUG] debug-file - Task 'entry:default@DoNativeStrip' cost while wrapping incremental declarations: 1 ms 
[2026-05-12T16:50:21.905] [DEBUG] debug-file - entry : default@DoNativeStrip cost memory 0.0557861328125
[2026-05-12T16:50:21.905] [DEBUG] debug-file - runTaskFromQueue task cost before running: 4 s 928 ms 
[2026-05-12T16:50:21.905] [INFO] debug-file - Finished :entry:default@DoNativeStrip... after 5 ms 
[2026-05-12T16:50:21.908] [DEBUG] debug-file - Executing task :entry:default@CompileArkTS
[2026-05-12T16:50:21.909] [DEBUG] debug-file - obfuscationOptions: undefined
[2026-05-12T16:50:21.911] [DEBUG] debug-file - Task 'entry:default@CompileArkTS' cost while wrapping incremental declarations: 1 ms 
[2026-05-12T16:50:21.932] [DEBUG] debug-file - build config:
[2026-05-12T16:50:21.932] [DEBUG] debug-file - {
  moduleType: 'entry',
  perf: 0,
  targetName: '.default',
  packageManagerType: 'ohpm',
  localPropertiesPath: 'D:\\SimpleCalculator-master\\local.properties',
  isPreview: false,
  isOhosTest: false,
  isLocalTest: false,
  buildMode: 'Debug',
  hotReloadBuild: undefined,
  watchMode: 'false',
  aceProfilePath: 'D:\\SimpleCalculator-master\\entry\\build\\default\\intermediates\\res\\default\\resources\\base\\profile',
  etsLoaderPath: 'C:\\DevEco Studio\\sdk\\default\\openharmony\\ets\\build-tools\\ets-loader',
  modulePath: 'D:\\SimpleCalculator-master\\entry',
  testFrameworkPar: {
    testMode: undefined,
    coveragePathFilter: undefined,
    coverageMode: undefined
  },
  needCoverageInsert: false,
  debugLine: false,
  projectTopDir: 'D:\\SimpleCalculator-master',
  compileSdkVersion: 22,
  compatibleSdkVersion: 17,
  originCompatibleSdkVersion: '5.0.5(17)',
  compatibleSdkVersionStage: undefined,
  bundleName: 'c***r',
  etsLoaderVersion: '6.0.2.130',
  etsLoaderReleaseType: 'Release',
  aotCompileMode: 'type',
  apPath: 'D:\\SimpleCalculator-master\\entry\\modules.ap',
  entryModuleName: 'entry',
  entryModuleVersion: '1.0.0',
  entryPackageName: 'entry',
  allModuleNameHash: '6144674ea9eedab29a401dfefcc9135db745177f29c485a81b9a53d1e7c9469b',
  externalApiPaths: [ 'C:\\DevEco Studio\\sdk\\default\\hms\\ets' ],
  compilerTypes: [],
  isCrossplatform: false,
  hvigorPluginFile: undefined,
  compilePluginPath: undefined,
  buildGeneratedProfilePath: 'D:\\SimpleCalculator-master\\entry\\build\\default\\generated\\profile\\default',
  bundleType: 'app',
  arkTSVersion: undefined,
  apiVersion: 22,
  needCompleteSourcesMap: false,
  isFaMode: false,
  buildDir: 'D:\\SimpleCalculator-master\\entry\\build',
  deviceTypes: [ 'phone' ],
  pkgContextInfo: undefined,
  ohPackagePathMap: {},
  dependencyAliasMap: {},
  permission: { requestPermissions: undefined, definePermissions: undefined },
  useGetCurrentBundleName: false,
  projectArkOption: undefined,
  sourceMapDir: undefined,
  branchElimination: false,
  transformLib: undefined,
  tsImportSendable: false,
  resolveConflictMode: true,
  depName2RootPath: {},
  depName2DepInfo: {},
  rootPathSet: [ 'D:\\SimpleCalculator-master' ],
  useNativeResolver: true,
  shouldEmitJs: true,
  useTscResolve: false,
  singleFileEmit: false,
  userProjectConfig: {
    autoLazyImport: false,
    allowEmptyBundleName: false,
    reExportCheckMode: 'noCheck',
    executionMode: 'memory',
    usePathPlaceholder: false,
    writeRollupCache: true,
    isExpandImportEnabled: false,
    expandImportExclude: '',
    lazyImportExclude: '',
    lazyImportInclude: '',
    ignoreCrossplatformCheck: false,
    isHarDeduplicateEnabled: false,
    skipOhModulesLint: false,
    enableStrictCheckOHModule: false,
    disableSendableCheckRules: [],
    useDeclarationFileSignature: false,
    customizedOptions: undefined,
    integratedHsp: false,
    isPreloadSoEnabled: false
  },
  executionMode: 'memory',
  arkCompileCachePath: 'D:\\SimpleCalculator-master\\entry\\build\\default\\cache\\default\\default@CompileArkTS\\esmodule',
  autoLazyFilter: undefined,
  isHarDeduplicateEnabled: false,
  intermediateHarDuplicateDirPath: 'D:\\SimpleCalculator-master\\entry\\build\\default\\intermediates\\har_duplicate\\default',
  autoLazyImport: false,
  allowEmptyBundleName: false,
  reExportCheckMode: 'noCheck',
  usePathPlaceholder: false,
  writeRollupCache: true,
  isExpandImportEnabled: false,
  expandImportExclude: '',
  lazyImportExclude: '',
  lazyImportInclude: '',
  ignoreCrossplatformCheck: false,
  skipOhModulesLint: false,
  enableStrictCheckOHModule: false,
  disableSendableCheckRules: [],
  useDeclarationFileSignature: false,
  customizedOptions: undefined,
  integratedHsp: false,
  isPreloadSoEnabled: false,
  strictMode: undefined,
  useNormalizedOHMUrl: false,
  caseSensitiveCheck: false,
  aceModuleJsonPath: 'D:\\SimpleCalculator-master\\entry\\build\\default\\intermediates\\res\\default\\ark_module.json',
  appResource: 'D:\\SimpleCalculator-master\\entry\\build\\default\\intermediates\\res\\default\\ResourceTable.txt',
  rawFileResource: 'D:\\SimpleCalculator-master\\entry\\build\\default\\intermediates\\res\\default\\resources\\rawfile',
  resourceTableHash: 'a42143dfb382c20c50a1576db40eed2e0ff845a1b80d745153d35d102e6a06b7',
  runtimeOS: 'HarmonyOS',
  sdkInfo: 'false:22:6.0.2.130:Release',
  aceModuleRoot: 'D:\\SimpleCalculator-master\\entry\\src\\main\\ets',
  compileMode: 'esmodule',
  aceSuperVisualPath: 'D:\\SimpleCalculator-master\\entry\\src\\main\\supervisual',
  aceBuildJson: 'D:\\SimpleCalculator-master\\entry\\build\\default\\intermediates\\loader\\default\\loader.json',
  cachePath: 'D:\\SimpleCalculator-master\\entry\\build\\default\\cache\\default\\default@CompileArkTS\\esmodule\\debug',
  aceModuleBuild: 'D:\\SimpleCalculator-master\\entry\\build\\default\\intermediates\\loader_out\\default\\ets',
  supportChunks: true,
  declaredFilesPath: undefined,
  shouldCollectDirectImportees: false,
  isByteCodeHarOptimize: false,
  expandImportPath: undefined,
  pkgNameToPkgBriefInfo: {
    entry: {
      pkgRoot: 'D:\\SimpleCalculator-master\\entry',
      originalSourceRoots: undefined,
      sourceRoots: [Array],
      pkgName: 'entry'
    }
  },
  projectModel: {
    'D:\\SimpleCalculator-master\\entry\\src\\main': {
      moduleName: 'entry',
      modulePkgPath: 'D:\\SimpleCalculator-master\\entry',
      belongProjectPath: 'D:\\SimpleCalculator-master'
    },
    'D:\\SimpleCalculator-master\\entry': {
      moduleName: 'entry',
      modulePkgPath: 'D:\\SimpleCalculator-master\\entry',
      belongProjectPath: 'D:\\SimpleCalculator-master'
    },
    'D:\\SimpleCalculator-master': {
      moduleName: 'SimpleCalculator-master',
      modulePkgPath: 'D:\\SimpleCalculator-master',
      belongProjectPath: 'D:\\SimpleCalculator-master'
    }
  },
  pkgJsonFileHash: 'b8f845c80dd835f66b66e997925975ab6c1e0cb4ef1f7ec1607facc48e7024d5',
  allModulePaths: [ 'D:\\SimpleCalculator-master\\entry' ],
  routerMap: {},
  obfuscationOptions: undefined,
  byteCodeHarToDependencyKeys: undefined,
  compileBlockPkg: [],
  mockParams: {
    decorator: '@MockSetup',
    packageName: '@ohos/hamock',
    etsSourceRootPath: 'src/main/ets',
    mockConfigPath: undefined,
    mockConfigKey2ModuleInfo: {},
    source2ModuleIdMap: {}
  },
  copyCodeResourceEnable: true,
  copyCodeResourceExcludes: [],
  copyCodeResourceIncludes: undefined,
  uiTransformOptimization: false,
  sdkPath: 'C:/DevEco Studio/sdk',
  needPreloadSoFileSet: {},
  preloadSoFilePath: 'D:\\SimpleCalculator-master\\entry\\build\\default\\intermediates\\preload\\default\\preload.json',
  useSourceHash: false,
  localModuleParamMap: {},
  otherPaths: {
    'entry/*': [
      '..\\*',
      '..\\..\\..\\build\\default\\generated\\profile\\default\\*'
    ]
  },
  collectImportersConfig: undefined
}
[2026-05-12T16:50:21.933] [DEBUG] debug-file - Compile arkts with external api path: C:\DevEco Studio\sdk\default\hms\ets
[2026-05-12T16:50:21.935] [DEBUG] debug-file - default@CompileArkTS work[0] is submitted.
[2026-05-12T16:50:21.936] [DEBUG] debug-file - default@CompileArkTS work[0] is pushed to ready queue.
[2026-05-12T16:50:21.936] [DEBUG] debug-file - A work dispatched to worker[31] failed because unable to get work from ready queue.
[2026-05-12T16:50:21.936] [DEBUG] debug-file - A work dispatched to worker[30] failed because unable to get work from ready queue.
[2026-05-12T16:50:21.936] [DEBUG] debug-file - A work dispatched to worker[29] failed because unable to get work from ready queue.
[2026-05-12T16:50:21.936] [DEBUG] debug-file - A work dispatched to worker[28] failed because unable to get work from ready queue.
[2026-05-12T16:50:21.936] [DEBUG] debug-file - A work dispatched to worker[27] failed because unable to get work from ready queue.
[2026-05-12T16:50:21.936] [DEBUG] debug-file - A work dispatched to worker[26] failed because unable to get work from ready queue.
[2026-05-12T16:50:21.936] [DEBUG] debug-file - A work dispatched to worker[25] failed because unable to get work from ready queue.
[2026-05-12T16:50:21.936] [DEBUG] debug-file - A work dispatched to worker[24] failed because unable to get work from ready queue.
[2026-05-12T16:50:21.936] [DEBUG] debug-file - A work dispatched to worker[23] failed because unable to get work from ready queue.
[2026-05-12T16:50:21.936] [DEBUG] debug-file - A work dispatched to worker[22] failed because unable to get work from ready queue.
[2026-05-12T16:50:21.936] [DEBUG] debug-file - A work dispatched to worker[21] failed because unable to get work from ready queue.
[2026-05-12T16:50:21.936] [DEBUG] debug-file - A work dispatched to worker[20] failed because unable to get work from ready queue.
[2026-05-12T16:50:21.936] [DEBUG] debug-file - A work dispatched to worker[19] failed because unable to get work from ready queue.
[2026-05-12T16:50:21.937] [DEBUG] debug-file - A work dispatched to worker[18] failed because unable to get work from ready queue.
[2026-05-12T16:50:21.937] [DEBUG] debug-file - A work dispatched to worker[17] failed because unable to get work from ready queue.
[2026-05-12T16:50:21.937] [DEBUG] debug-file - A work dispatched to worker[16] failed because unable to get work from ready queue.
[2026-05-12T16:50:21.937] [DEBUG] debug-file - A work dispatched to worker[15] failed because unable to get work from ready queue.
[2026-05-12T16:50:21.937] [DEBUG] debug-file - A work dispatched to worker[14] failed because unable to get work from ready queue.
[2026-05-12T16:50:21.937] [DEBUG] debug-file - A work dispatched to worker[13] failed because unable to get work from ready queue.
[2026-05-12T16:50:21.937] [DEBUG] debug-file - A work dispatched to worker[12] failed because unable to get work from ready queue.
[2026-05-12T16:50:21.937] [DEBUG] debug-file - A work dispatched to worker[11] failed because unable to get work from ready queue.
[2026-05-12T16:50:21.937] [DEBUG] debug-file - A work dispatched to worker[10] failed because unable to get work from ready queue.
[2026-05-12T16:50:21.937] [DEBUG] debug-file - A work dispatched to worker[9] failed because unable to get work from ready queue.
[2026-05-12T16:50:21.937] [DEBUG] debug-file - A work dispatched to worker[8] failed because unable to get work from ready queue.
[2026-05-12T16:50:21.937] [DEBUG] debug-file - A work dispatched to worker[7] failed because unable to get work from ready queue.
[2026-05-12T16:50:21.937] [DEBUG] debug-file - A work dispatched to worker[6] failed because unable to get work from ready queue.
[2026-05-12T16:50:21.937] [DEBUG] debug-file - A work dispatched to worker[5] failed because unable to get work from ready queue.
[2026-05-12T16:50:21.937] [DEBUG] debug-file - Create  resident worker with id: 4.
[2026-05-12T16:50:21.939] [DEBUG] debug-file - default@CompileArkTS work[0] has been dispatched to worker[4].
[2026-05-12T16:50:21.939] [DEBUG] debug-file - default@CompileArkTS work[0] is dispatched.
[2026-05-12T16:50:21.939] [DEBUG] debug-file - CopyResources startTime: 83169602126100
[2026-05-12T16:50:21.939] [DEBUG] debug-file - default@CompileArkTS work[1] is submitted.
[2026-05-12T16:50:21.939] [DEBUG] debug-file - default@CompileArkTS work[1] is pushed to ready queue.
[2026-05-12T16:50:21.939] [DEBUG] debug-file - A work dispatched to worker[31] failed because unable to get work from ready queue.
[2026-05-12T16:50:21.940] [DEBUG] debug-file - Create  resident worker with id: 30.
[2026-05-12T16:50:21.941] [DEBUG] debug-file - default@CompileArkTS work[1] has been dispatched to worker[30].
[2026-05-12T16:50:21.941] [DEBUG] debug-file - default@CompileArkTS work[1] is dispatched.
[2026-05-12T16:50:21.941] [DEBUG] debug-file - entry : default@CompileArkTS cost memory 1.4057159423828125
[2026-05-12T16:50:21.943] [DEBUG] debug-file - Executing task :entry:default@BuildJS
[2026-05-12T16:50:21.943] [DEBUG] debug-file - Task 'entry:default@BuildJS' cost while wrapping incremental declarations: 1 ms 
[2026-05-12T16:50:21.946] [DEBUG] debug-file - entry : default@BuildJS cost memory 0.1517486572265625
[2026-05-12T16:50:21.946] [DEBUG] debug-file - runTaskFromQueue task cost before running: 4 s 969 ms 
[2026-05-12T16:50:21.947] [INFO] debug-file - Finished :entry:default@BuildJS... after 4 ms 
[2026-05-12T16:50:21.948] [DEBUG] debug-file - Executing task :entry:default@CacheNativeLibs
[2026-05-12T16:50:21.949] [DEBUG] debug-file - Task 'entry:default@CacheNativeLibs' cost while wrapping incremental declarations: 1 ms 
[2026-05-12T16:50:21.949] [DEBUG] debug-file - default@CacheNativeLibs work[2] is submitted.
[2026-05-12T16:50:21.949] [DEBUG] debug-file - default@CacheNativeLibs work[2] is pushed to ready queue.
[2026-05-12T16:50:21.949] [DEBUG] debug-file - A work dispatched to worker[31] failed because unable to get work from ready queue.
[2026-05-12T16:50:21.949] [DEBUG] debug-file - A work dispatched to worker[30] failed because of worker busy.
[2026-05-12T16:50:21.949] [DEBUG] debug-file - Create  resident worker with id: 29.
[2026-05-12T16:50:21.950] [DEBUG] debug-file - default@CacheNativeLibs work[2] has been dispatched to worker[29].
[2026-05-12T16:50:21.950] [DEBUG] debug-file - default@CacheNativeLibs work[2] is dispatched.
[2026-05-12T16:50:21.950] [DEBUG] debug-file - entry : default@CacheNativeLibs cost memory 0.17115020751953125
[2026-05-12T16:50:23.136] [DEBUG] debug-file - worker[30] has one work done.
[2026-05-12T16:50:23.136] [DEBUG] debug-file - CopyResources is end, endTime: 83170799033600
[2026-05-12T16:50:23.136] [DEBUG] debug-file - default@CompileArkTS work[1] done.
[2026-05-12T16:50:23.137] [DEBUG] debug-file - A work dispatched to worker[30] failed because unable to get work from ready queue.
[2026-05-12T16:50:23.280] [DEBUG] debug-file - worker[29] has one work done.
[2026-05-12T16:50:23.280] [DEBUG] debug-file - default@CacheNativeLibs work[2] done.
[2026-05-12T16:50:23.280] [DEBUG] debug-file - A work dispatched to worker[29] failed because unable to get work from ready queue.
[2026-05-12T16:50:23.281] [INFO] debug-file - Finished :entry:default@CacheNativeLibs... after 12 ms 
[2026-05-12T16:50:31.433] [WARN] debug-file - [33mWARN: [33mArkTS:WARN File: D:/SimpleCalculator-master/entry/src/main/ets/entryability/EntryAbility.ts:24:23
 Cannot find name 'UIContext'.[39m[39m

[2026-05-12T16:50:31.434] [DEBUG] debug-file - Ark compile task finished.finished time is 83179097153800
[2026-05-12T16:50:31.436] [DEBUG] debug-file - worker[4] has one work done.
[2026-05-12T16:50:31.439] [DEBUG] debug-file - default@CompileArkTS work[0] done.
[2026-05-12T16:50:31.440] [DEBUG] debug-file - A work dispatched to worker[4] failed because unable to get work from ready queue.
[2026-05-12T16:50:31.443] [INFO] debug-file - Finished :entry:default@CompileArkTS... after 6 s 720 ms 
[2026-05-12T16:50:31.445] [DEBUG] debug-file - Executing task :entry:default@GeneratePkgModuleJson
[2026-05-12T16:50:31.446] [DEBUG] debug-file - File: 'D:\SimpleCalculator-master\entry\build\default\intermediates\preload\default\preload.json' from 'preloadSoJsonPath' is not exists, just ignore.
[2026-05-12T16:50:31.447] [DEBUG] debug-file - Error occurs while handling @Input 'shouldDeduplicateHar': The "data" argument must be of type string or an instance of Buffer, TypedArray, or DataView. Received undefined
[2026-05-12T16:50:31.447] [DEBUG] debug-file - Task 'entry:default@GeneratePkgModuleJson' cost while wrapping incremental declarations: 2 ms 
[2026-05-12T16:50:31.453] [DEBUG] debug-file - entry : default@GeneratePkgModuleJson cost memory 0.15845489501953125
[2026-05-12T16:50:31.453] [DEBUG] debug-file - runTaskFromQueue task cost before running: 14 s 476 ms 
[2026-05-12T16:50:31.453] [INFO] debug-file - Finished :entry:default@GeneratePkgModuleJson... after 8 ms 
[2026-05-12T16:50:31.455] [DEBUG] debug-file - Executing task :entry:default@ProcessCompiledResources
[2026-05-12T16:50:31.455] [DEBUG] debug-file - File: 'D:\SimpleCalculator-master\entry\build\default\intermediates\preload\default\preload.json' from 'preloadSoJsonPath' is not exists, just ignore.
[2026-05-12T16:50:31.455] [DEBUG] debug-file - Task 'entry:default@ProcessCompiledResources' cost while wrapping incremental declarations: 1 ms 
[2026-05-12T16:50:31.456] [DEBUG] debug-file - entry : default@ProcessCompiledResources cost memory 0.05941009521484375
[2026-05-12T16:50:31.456] [DEBUG] debug-file - runTaskFromQueue task cost before running: 14 s 479 ms 
[2026-05-12T16:50:31.456] [INFO] debug-file - Finished :entry:default@ProcessCompiledResources... after 2 ms 
[2026-05-12T16:50:31.461] [DEBUG] debug-file - Executing task :entry:default@PackageHap
[2026-05-12T16:50:31.468] [DEBUG] debug-file - Use tool [C:\DevEco Studio\sdk\default\openharmony\toolchains\lib\app_packing_tool.jar]
 [
  'java',
  '-Dfile.encoding=GBK',
  '-jar',
  'C:\\DevEco Studio\\sdk\\default\\openharmony\\toolchains\\lib\\app_packing_tool.jar',
  '--mode',
  'hap',
  '--force',
  'true',
  '--lib-path',
  'D:\\SimpleCalculator-master\\entry\\build\\default\\intermediates\\stripped_native_libs\\default',
  '--json-path',
  'D:\\SimpleCalculator-master\\entry\\build\\default\\intermediates\\package\\default\\module.json',
  '--resources-path',
  'D:\\SimpleCalculator-master\\entry\\build\\default\\intermediates\\res\\default\\resources',
  '--index-path',
  'D:\\SimpleCalculator-master\\entry\\build\\default\\intermediates\\res\\default\\resources.index',
  '--pack-info-path',
  'D:\\SimpleCalculator-master\\entry\\build\\default\\outputs\\default\\pack.info',
  '--out-path',
  'D:\\SimpleCalculator-master\\entry\\build\\default\\outputs\\default\\entry-default-unsigned.hap',
  '--ets-path',
  'D:\\SimpleCalculator-master\\entry\\build\\default\\intermediates\\loader_out\\default\\ets'
]
[2026-05-12T16:50:31.998] [DEBUG] debug-file - java daemon socket received message:{"code":0,"message":"pack success"}
[2026-05-12T16:50:32.005] [DEBUG] debug-file - entry : default@PackageHap cost memory 0.5106353759765625
[2026-05-12T16:50:32.005] [DEBUG] debug-file - runTaskFromQueue task cost before running: 15 s 28 ms 
[2026-05-12T16:50:32.006] [INFO] debug-file - Finished :entry:default@PackageHap... after 545 ms 
[2026-05-12T16:50:32.008] [DEBUG] debug-file - Executing task :entry:default@PackingCheck
[2026-05-12T16:50:32.017] [DEBUG] debug-file - entry : default@PackingCheck cost memory 0.6513442993164062
[2026-05-12T16:50:32.017] [DEBUG] debug-file - runTaskFromQueue task cost before running: 15 s 40 ms 
[2026-05-12T16:50:32.018] [INFO] debug-file - Finished :entry:default@PackingCheck... after 10 ms 
[2026-05-12T16:50:32.020] [DEBUG] debug-file - Executing task :entry:default@SignHap
[2026-05-12T16:50:32.020] [WARN] debug-file - Will skip sign 'hos_hap'. No signingConfigs profile is configured in current project.
             If needed, configure the signingConfigs in D:\SimpleCalculator-master\build-profile.json5.
[2026-05-12T16:50:32.022] [DEBUG] debug-file - entry : default@SignHap cost memory 0.07187652587890625
[2026-05-12T16:50:32.022] [DEBUG] debug-file - runTaskFromQueue task cost before running: 15 s 45 ms 
[2026-05-12T16:50:32.022] [INFO] debug-file - Finished :entry:default@SignHap... after 3 ms 
[2026-05-12T16:50:32.024] [DEBUG] debug-file - Executing task :entry:default@CollectDebugSymbol
[2026-05-12T16:50:32.025] [DEBUG] debug-file - entry : default@CollectDebugSymbol cost memory 0.08415985107421875
[2026-05-12T16:50:32.026] [DEBUG] debug-file - runTaskFromQueue task cost before running: 15 s 49 ms 
[2026-05-12T16:50:32.026] [INFO] debug-file - Finished :entry:default@CollectDebugSymbol... after 2 ms 
[2026-05-12T16:50:32.026] [DEBUG] debug-file - Executing task :entry:assembleHap
[2026-05-12T16:50:32.026] [DEBUG] debug-file - entry : assembleHap cost memory 0.012786865234375
[2026-05-12T16:50:32.026] [DEBUG] debug-file - runTaskFromQueue task cost before running: 15 s 49 ms 
[2026-05-12T16:50:32.026] [INFO] debug-file - Finished :entry:assembleHap... after 1 ms 
[2026-05-12T16:50:32.038] [INFO] debug-file - BUILD SUCCESSFUL in 15 s 60 ms 
[2026-05-12T16:50:32.040] [DEBUG] debug-file - Update task entry:default@PreBuild input file:D:\SimpleCalculator-master\AppScope\app.json5 cache by regenerate.
[2026-05-12T16:50:32.041] [DEBUG] debug-file - Update task entry:default@PreBuild input file:D:\SimpleCalculator-master\entry\src\main\module.json5 cache by regenerate.
[2026-05-12T16:50:32.041] [DEBUG] debug-file - Update task entry:default@PreBuild input file:D:\SimpleCalculator-master\build-profile.json5 cache by regenerate.
[2026-05-12T16:50:32.042] [DEBUG] debug-file - Update task entry:default@PreBuild input file:D:\SimpleCalculator-master\entry\build-profile.json5 cache by regenerate.
[2026-05-12T16:50:32.042] [DEBUG] debug-file - Update task entry:default@PreBuild input file:D:\SimpleCalculator-master\entry\src\main\resources\base\profile\main_pages.json cache by regenerate.
[2026-05-12T16:50:32.042] [DEBUG] debug-file - Update task entry:default@PreBuild input file:D:\SimpleCalculator-master\hvigor\hvigor-config.json5 cache by regenerate.
[2026-05-12T16:50:32.043] [DEBUG] debug-file - Update task entry:default@PreBuild input file:D:\SimpleCalculator-master\entry\oh-package.json5 cache by regenerate.
[2026-05-12T16:50:32.043] [DEBUG] debug-file - Update task entry:default@PreBuild input file:D:\SimpleCalculator-master\oh-package.json5 cache by regenerate.
[2026-05-12T16:50:32.044] [DEBUG] debug-file - Incremental task entry:default@PreBuild post-execution cost:6 ms .
[2026-05-12T16:50:32.044] [DEBUG] debug-file - Update task entry:default@CreateModuleInfo output file:D:\SimpleCalculator-master\entry\build\default\generated\profile\default\ModuleInfo.ts cache.
[2026-05-12T16:50:32.045] [DEBUG] debug-file - Incremental task entry:default@CreateModuleInfo post-execution cost:1 ms .
[2026-05-12T16:50:32.045] [DEBUG] debug-file - Update task entry:default@GenerateMetadata input file:D:\SimpleCalculator-master\entry\src\main\module.json5 cache by regenerate.
[2026-05-12T16:50:32.045] [DEBUG] debug-file - Update task entry:default@GenerateMetadata output file:D:\SimpleCalculator-master\entry\build\default\intermediates\hap_metadata\default\output_metadata.json cache.
[2026-05-12T16:50:32.046] [DEBUG] debug-file - Incremental task entry:default@GenerateMetadata post-execution cost:1 ms .
[2026-05-12T16:50:32.046] [DEBUG] debug-file - Update task entry:default@MergeProfile input file:D:\SimpleCalculator-master\AppScope\app.json5 cache by regenerate.
[2026-05-12T16:50:32.046] [DEBUG] debug-file - Update task entry:default@MergeProfile input file:D:\SimpleCalculator-master\build-profile.json5 cache by regenerate.
[2026-05-12T16:50:32.046] [DEBUG] debug-file - Update task entry:default@MergeProfile input file:D:\SimpleCalculator-master\entry\src\main\module.json5 cache by regenerate.
[2026-05-12T16:50:32.047] [DEBUG] debug-file - Update task entry:default@MergeProfile output file:D:\SimpleCalculator-master\entry\build\default\intermediates\merge_profile\default\module.json cache.
[2026-05-12T16:50:32.047] [DEBUG] debug-file - Incremental task entry:default@MergeProfile post-execution cost:2 ms .
[2026-05-12T16:50:32.047] [DEBUG] debug-file - Update task entry:default@CreateBuildProfile input file:D:\SimpleCalculator-master\AppScope\app.json5 cache by regenerate.
[2026-05-12T16:50:32.048] [DEBUG] debug-file - Update task entry:default@CreateBuildProfile input file:D:\SimpleCalculator-master\build-profile.json5 cache by regenerate.
[2026-05-12T16:50:32.048] [DEBUG] debug-file - Update task entry:default@CreateBuildProfile output file:D:\SimpleCalculator-master\entry\build\default\generated\profile\default\BuildProfile.ets cache.
[2026-05-12T16:50:32.048] [DEBUG] debug-file - Incremental task entry:default@CreateBuildProfile post-execution cost:1 ms .
[2026-05-12T16:50:32.048] [DEBUG] debug-file - Update task entry:default@GeneratePkgContextInfo output file:D:\SimpleCalculator-master\entry\build\default\intermediates\loader\default\pkgContextInfo.json cache.
[2026-05-12T16:50:32.049] [DEBUG] debug-file - Incremental task entry:default@GeneratePkgContextInfo post-execution cost:1 ms .
[2026-05-12T16:50:32.049] [DEBUG] debug-file - Update task entry:default@ProcessIntegratedHsp output file:D:\SimpleCalculator-master\build\cache\default\integrated_hsp\integratedHspCache.json cache.
[2026-05-12T16:50:32.049] [DEBUG] debug-file - Incremental task entry:default@ProcessIntegratedHsp post-execution cost:1 ms .
[2026-05-12T16:50:32.049] [DEBUG] debug-file - Update task entry:default@MakePackInfo input file:D:\SimpleCalculator-master\AppScope\app.json5 cache by regenerate.
[2026-05-12T16:50:32.050] [DEBUG] debug-file - Update task entry:default@MakePackInfo input file:D:\SimpleCalculator-master\entry\src\main\module.json5 cache by regenerate.
[2026-05-12T16:50:32.050] [DEBUG] debug-file - Update task entry:default@MakePackInfo input file:D:\SimpleCalculator-master\build-profile.json5 cache by regenerate.
[2026-05-12T16:50:32.050] [DEBUG] debug-file - Update task entry:default@MakePackInfo output file:D:\SimpleCalculator-master\entry\build\default\outputs\default\pack.info cache.
[2026-05-12T16:50:32.051] [DEBUG] debug-file - Incremental task entry:default@MakePackInfo post-execution cost:2 ms .
[2026-05-12T16:50:32.051] [DEBUG] debug-file - Update task entry:default@SyscapTransform input file:C:\DevEco Studio\sdk\default\openharmony\toolchains\syscap_tool.exe cache by regenerate.
[2026-05-12T16:50:32.051] [DEBUG] debug-file - Update task entry:default@SyscapTransform input file:C:\DevEco Studio\sdk\default\openharmony\ets\api\device-define cache by regenerate.
[2026-05-12T16:50:32.052] [DEBUG] debug-file - Update task entry:default@SyscapTransform output file:D:\SimpleCalculator-master\entry\build\default\intermediates\syscap\default\rpcid.sc cache.
[2026-05-12T16:50:32.053] [DEBUG] debug-file - Incremental task entry:default@SyscapTransform post-execution cost:3 ms .
[2026-05-12T16:50:32.053] [DEBUG] debug-file - Update task entry:default@ProcessProfile input file:D:\SimpleCalculator-master\entry\build\default\intermediates\merge_profile\default\module.json cache by regenerate.
[2026-05-12T16:50:32.053] [DEBUG] debug-file - Update task entry:default@ProcessProfile output file:D:\SimpleCalculator-master\entry\build\default\intermediates\process_profile\default\module.json cache.
[2026-05-12T16:50:32.054] [DEBUG] debug-file - Incremental task entry:default@ProcessProfile post-execution cost:1 ms .
[2026-05-12T16:50:32.054] [DEBUG] debug-file - Update task entry:default@ProcessRouterMap input file:D:\SimpleCalculator-master\entry\oh-package.json5 cache by regenerate.
[2026-05-12T16:50:32.055] [DEBUG] debug-file - Update task entry:default@ProcessRouterMap input file:D:\SimpleCalculator-master\oh-package.json5 cache by regenerate.
[2026-05-12T16:50:32.055] [DEBUG] debug-file - Update task entry:default@ProcessRouterMap input file:D:\SimpleCalculator-master\entry\src\main\module.json5 cache by regenerate.
[2026-05-12T16:50:32.055] [DEBUG] debug-file - Update task entry:default@ProcessRouterMap output file:D:\SimpleCalculator-master\entry\build\default\intermediates\router_map\default\temp-router-map.json cache.
[2026-05-12T16:50:32.056] [DEBUG] debug-file - Update task entry:default@ProcessRouterMap output file:D:\SimpleCalculator-master\entry\build\default\intermediates\router_map\default\loader-router-map.json cache.
[2026-05-12T16:50:32.056] [DEBUG] debug-file - Incremental task entry:default@ProcessRouterMap post-execution cost:2 ms .
[2026-05-12T16:50:32.056] [DEBUG] debug-file - Update task entry:default@ProcessShareConfig input file:D:\SimpleCalculator-master\entry\oh-package.json5 cache by regenerate.
[2026-05-12T16:50:32.056] [DEBUG] debug-file - Update task entry:default@ProcessShareConfig input file:D:\SimpleCalculator-master\oh-package.json5 cache by regenerate.
[2026-05-12T16:50:32.057] [DEBUG] debug-file - Update task entry:default@ProcessShareConfig input file:D:\SimpleCalculator-master\entry\src\main\module.json5 cache by regenerate.
[2026-05-12T16:50:32.057] [DEBUG] debug-file - Update task entry:default@ProcessShareConfig output file:D:\SimpleCalculator-master\entry\build\default\intermediates\share_config\default\temp-share-config.json cache.
[2026-05-12T16:50:32.057] [DEBUG] debug-file - Incremental task entry:default@ProcessShareConfig post-execution cost:2 ms .
[2026-05-12T16:50:32.057] [DEBUG] debug-file - Update task entry:default@ProcessStartupConfig output file:D:\SimpleCalculator-master\entry\build\default\intermediates\startup\default\startup_config.json cache.
[2026-05-12T16:50:32.058] [DEBUG] debug-file - Incremental task entry:default@ProcessStartupConfig post-execution cost:1 ms .
[2026-05-12T16:50:32.058] [DEBUG] debug-file - Update task entry:default@ProcessResource output file:D:\SimpleCalculator-master\entry\build\default\intermediates\res\default\resConfig.json cache.
[2026-05-12T16:50:32.058] [DEBUG] debug-file - Update task entry:default@ProcessResource output file:D:\SimpleCalculator-master\entry\build\default\intermediates\res\default\opt-compression.json cache.
[2026-05-12T16:50:32.059] [DEBUG] debug-file - Incremental task entry:default@ProcessResource post-execution cost:1 ms .
[2026-05-12T16:50:32.059] [DEBUG] debug-file - Update task entry:default@GenerateLoaderJson input file:D:\SimpleCalculator-master\entry\build\default\intermediates\router_map\default\temp-router-map.json cache by regenerate.
[2026-05-12T16:50:32.060] [DEBUG] debug-file - Update task entry:default@GenerateLoaderJson output file:D:\SimpleCalculator-master\entry\build\default\intermediates\loader\default\loader.json cache.
[2026-05-12T16:50:32.060] [DEBUG] debug-file - Incremental task entry:default@GenerateLoaderJson post-execution cost:2 ms .
[2026-05-12T16:50:32.061] [DEBUG] debug-file - Update task entry:default@ProcessLibs input file:D:\SimpleCalculator-master\build-profile.json5 cache by regenerate.
[2026-05-12T16:50:32.062] [DEBUG] debug-file - Update task entry:default@ProcessLibs input file:D:\SimpleCalculator-master\entry\build-profile.json5 cache by regenerate.
[2026-05-12T16:50:32.062] [DEBUG] debug-file - Update task entry:default@ProcessLibs output file:D:\SimpleCalculator-master\entry\build\default\intermediates\libs\default cache.
[2026-05-12T16:50:32.063] [DEBUG] debug-file - Incremental task entry:default@ProcessLibs post-execution cost:3 ms .
[2026-05-12T16:50:32.064] [DEBUG] debug-file - Update task entry:default@CompileResource input file:D:\SimpleCalculator-master\entry\src\main\resources cache by regenerate.
[2026-05-12T16:50:32.069] [DEBUG] debug-file - Update task entry:default@CompileResource input file:D:\SimpleCalculator-master\AppScope\resources cache by regenerate.
[2026-05-12T16:50:32.070] [DEBUG] debug-file - Update task entry:default@CompileResource input file:D:\SimpleCalculator-master\entry\build\default\intermediates\process_profile\default\module.json cache by regenerate.
[2026-05-12T16:50:32.070] [DEBUG] debug-file - Update task entry:default@CompileResource input file:D:\SimpleCalculator-master\entry\build\default\intermediates\res\default\resConfig.json cache by regenerate.
[2026-05-12T16:50:32.070] [DEBUG] debug-file - Update task entry:default@CompileResource output file:D:\SimpleCalculator-master\entry\build\default\intermediates\res\default cache.
[2026-05-12T16:50:32.078] [DEBUG] debug-file - Update task entry:default@CompileResource output file:D:\SimpleCalculator-master\entry\build\default\generated\r\default\ResourceTable.h cache.
[2026-05-12T16:50:32.078] [DEBUG] debug-file - Update task entry:default@CompileResource output file:D:\SimpleCalculator-master\entry\build\default\generated\r\default cache.
[2026-05-12T16:50:32.079] [DEBUG] debug-file - Incremental task entry:default@CompileResource post-execution cost:16 ms .
[2026-05-12T16:50:32.079] [DEBUG] debug-file - Update task entry:default@DoNativeStrip input file:D:\SimpleCalculator-master\entry\build\default\intermediates\libs\default cache by regenerate.
[2026-05-12T16:50:32.079] [DEBUG] debug-file - Update task entry:default@DoNativeStrip output file:D:\SimpleCalculator-master\entry\build\default\intermediates\stripped_native_libs\default cache.
[2026-05-12T16:50:32.079] [DEBUG] debug-file - Incremental task entry:default@DoNativeStrip post-execution cost:1 ms .
[2026-05-12T16:50:32.081] [DEBUG] debug-file - Update task entry:default@CompileArkTS input file:D:\SimpleCalculator-master\entry\build\default\intermediates\loader\default cache by regenerate.
[2026-05-12T16:50:32.081] [DEBUG] debug-file - Update task entry:default@CompileArkTS input file:D:\SimpleCalculator-master\entry\build\default\intermediates\res\default\ResourceTable.txt cache by regenerate.
[2026-05-12T16:50:32.081] [DEBUG] debug-file - Update task entry:default@CompileArkTS input file:D:\SimpleCalculator-master\entry\build\default\intermediates\res\default\ark_module.json cache by regenerate.
[2026-05-12T16:50:32.082] [DEBUG] debug-file - Update task entry:default@CompileArkTS input file:D:\SimpleCalculator-master\entry\build\default\intermediates\res\default\resources\base\profile cache by regenerate.
[2026-05-12T16:50:32.082] [DEBUG] debug-file - Update task entry:default@CompileArkTS input file:D:\SimpleCalculator-master\entry\src\main\ets cache by regenerate.
[2026-05-12T16:50:32.085] [DEBUG] debug-file - Update task entry:default@CompileArkTS input file:D:\SimpleCalculator-master\entry\build\default\generated\profile\default\BuildProfile.ets cache by regenerate.
[2026-05-12T16:50:32.085] [DEBUG] debug-file - Update task entry:default@CompileArkTS output file:D:\SimpleCalculator-master\entry\build\default\intermediates\loader_out\default\ets cache.
[2026-05-12T16:50:32.086] [DEBUG] debug-file - Incremental task entry:default@CompileArkTS post-execution cost:7 ms .
[2026-05-12T16:50:32.087] [DEBUG] debug-file - Update task entry:default@BuildJS input file:D:\SimpleCalculator-master\entry\build\default\intermediates\loader\default cache by regenerate.
[2026-05-12T16:50:32.088] [DEBUG] debug-file - Update task entry:default@BuildJS input file:D:\SimpleCalculator-master\entry\build\default\intermediates\res\default\ResourceTable.txt cache by regenerate.
[2026-05-12T16:50:32.088] [DEBUG] debug-file - Update task entry:default@BuildJS input file:D:\SimpleCalculator-master\entry\build\default\intermediates\res\default\ark_module.json cache by regenerate.
[2026-05-12T16:50:32.088] [DEBUG] debug-file - Update task entry:default@BuildJS input file:D:\SimpleCalculator-master\entry\build\default\intermediates\res\default\resources\base\profile cache by regenerate.
[2026-05-12T16:50:32.089] [DEBUG] debug-file - Update task entry:default@BuildJS output file:D:\SimpleCalculator-master\entry\build\default\intermediates\loader_out\default\js cache.
[2026-05-12T16:50:32.089] [DEBUG] debug-file - Incremental task entry:default@BuildJS post-execution cost:3 ms .
[2026-05-12T16:50:32.089] [DEBUG] debug-file - Update task entry:default@CacheNativeLibs input file:D:\SimpleCalculator-master\entry\build\default\intermediates\stripped_native_libs\default cache by regenerate.
[2026-05-12T16:50:32.089] [DEBUG] debug-file - Update task entry:default@CacheNativeLibs input file:D:\SimpleCalculator-master\entry\build\default\intermediates\libs\default cache by regenerate.
[2026-05-12T16:50:32.090] [DEBUG] debug-file - Update task entry:default@CacheNativeLibs output file:D:\SimpleCalculator-master\entry\build\default\intermediates\patch\default\base_native_libs.json cache.
[2026-05-12T16:50:32.090] [DEBUG] debug-file - Incremental task entry:default@CacheNativeLibs post-execution cost:1 ms .
[2026-05-12T16:50:32.090] [DEBUG] debug-file - Update task entry:default@GeneratePkgModuleJson input file:D:\SimpleCalculator-master\entry\build\default\intermediates\res\default\module.json cache by regenerate.
[2026-05-12T16:50:32.090] [DEBUG] debug-file - Update task entry:default@GeneratePkgModuleJson output file:D:\SimpleCalculator-master\entry\build\default\intermediates\package\default\module.json cache.
[2026-05-12T16:50:32.090] [DEBUG] debug-file - Incremental task entry:default@GeneratePkgModuleJson post-execution cost:1 ms .
[2026-05-12T16:50:32.091] [DEBUG] debug-file - Incremental task entry:default@ProcessCompiledResources post-execution cost:1 ms .
[2026-05-12T16:50:32.091] [DEBUG] debug-file - Update task entry:default@PackageHap input file:D:\SimpleCalculator-master\entry\build\default\intermediates\stripped_native_libs\default cache by regenerate.
[2026-05-12T16:50:32.091] [DEBUG] debug-file - Update task entry:default@PackageHap input file:D:\SimpleCalculator-master\entry\build\default\intermediates\res\default\module.json cache by regenerate.
[2026-05-12T16:50:32.092] [DEBUG] debug-file - Update task entry:default@PackageHap input file:D:\SimpleCalculator-master\entry\build\default\intermediates\res\default\resources cache by regenerate.
[2026-05-12T16:50:32.094] [DEBUG] debug-file - Update task entry:default@PackageHap input file:D:\SimpleCalculator-master\entry\build\default\intermediates\res\default\resources.index cache by regenerate.
[2026-05-12T16:50:32.094] [DEBUG] debug-file - Update task entry:default@PackageHap input file:D:\SimpleCalculator-master\entry\build\default\outputs\default\pack.info cache by regenerate.
[2026-05-12T16:50:32.095] [DEBUG] debug-file - Update task entry:default@PackageHap input file:D:\SimpleCalculator-master\entry\build\default\intermediates\loader_out\default\ets cache by regenerate.
[2026-05-12T16:50:32.095] [DEBUG] debug-file - Update task entry:default@PackageHap input file:D:\SimpleCalculator-master\entry\build\default\intermediates\loader_out\default\ets\sourceMaps.map cache by regenerate.
[2026-05-12T16:50:32.096] [DEBUG] debug-file - Update task entry:default@PackageHap input file:D:\SimpleCalculator-master\entry\build\default\generated\profile\default\BuildProfile.ets cache by regenerate.
[2026-05-12T16:50:32.096] [DEBUG] debug-file - Update task entry:default@PackageHap output file:D:\SimpleCalculator-master\entry\build\default\outputs\default\entry-default-unsigned.hap cache.
[2026-05-12T16:50:32.096] [DEBUG] debug-file - Update task entry:default@PackageHap output file:D:\SimpleCalculator-master\entry\build\default\intermediates\source_map\default\sourceMaps.map cache.
[2026-05-12T16:50:32.096] [DEBUG] debug-file - Update task entry:default@PackageHap output file:D:\SimpleCalculator-master\entry\build\default\outputs\default\mapping\sourceMaps.map cache.
[2026-05-12T16:50:32.097] [DEBUG] debug-file - Incremental task entry:default@PackageHap post-execution cost:7 ms .
[2026-05-12T16:50:32.097] [DEBUG] debug-file - Update task entry:default@SignHap input file:D:\SimpleCalculator-master\entry\build\default\outputs\default\entry-default-unsigned.hap cache by regenerate.
[2026-05-12T16:50:32.097] [DEBUG] debug-file - Update task entry:default@SignHap output file:D:\SimpleCalculator-master\entry\build\default\outputs\default\entry-default-signed.hap cache.
[2026-05-12T16:50:32.098] [DEBUG] debug-file - Incremental task entry:default@SignHap post-execution cost:1 ms .
[2026-05-12T16:50:32.098] [DEBUG] debug-file - Update task entry:default@CollectDebugSymbol input file:D:\SimpleCalculator-master\entry\build\default\intermediates\loader_out\default\ets\sourceMaps.map cache by regenerate.
[2026-05-12T16:50:32.098] [DEBUG] debug-file - Update task entry:default@CollectDebugSymbol input file:D:\SimpleCalculator-master\entry\build\default\intermediates\libs\default cache by regenerate.
[2026-05-12T16:50:32.099] [DEBUG] debug-file - Update task entry:default@CollectDebugSymbol output file:D:\SimpleCalculator-master\entry\build\default\outputs\default\symbol cache.
[2026-05-12T16:50:32.099] [DEBUG] debug-file - Incremental task entry:default@CollectDebugSymbol post-execution cost:2 ms .
[2026-05-12T16:50:32.130] [DEBUG] debug-file - Cleanup worker 0.
[2026-05-12T16:50:32.130] [DEBUG] debug-file - Worker 0 has been cleaned up.
[2026-05-12T16:50:32.130] [DEBUG] debug-file - Current idle worker size: 4.
[2026-05-12T16:50:32.130] [DEBUG] debug-file - Current resident worker size: 5.
[2026-05-12T16:50:32.130] [DEBUG] debug-file - Cleanup worker 1.
[2026-05-12T16:50:32.131] [DEBUG] debug-file - Worker 1 has been cleaned up.
[2026-05-12T16:50:32.131] [DEBUG] debug-file - Current idle worker size: 3.
[2026-05-12T16:50:32.131] [DEBUG] debug-file - Current resident worker size: 5.
[2026-05-12T16:50:32.131] [DEBUG] debug-file - Cleanup worker 30.
[2026-05-12T16:50:32.131] [DEBUG] debug-file - Worker 30 has been cleaned up.
[2026-05-12T16:50:32.131] [DEBUG] debug-file - Current idle worker size: 2.
[2026-05-12T16:50:32.131] [DEBUG] debug-file - Current resident worker size: 5.
[2026-05-12T16:50:32.131] [DEBUG] debug-file - Cleanup worker 29.
[2026-05-12T16:50:32.131] [DEBUG] debug-file - Worker 29 has been cleaned up.
[2026-05-12T16:50:32.131] [DEBUG] debug-file - Current idle worker size: 1.
[2026-05-12T16:50:32.131] [DEBUG] debug-file - Current resident worker size: 5.
[2026-05-12T16:50:32.135] [DEBUG] debug-file - session manager: send message to worker process.
[2026-05-12T16:50:32.135] [DEBUG] debug-file - session manager: send message to worker process.
[2026-05-12T16:50:32.133] [DEBUG] debug-file - hvigor build process will be closed.
[2026-05-12T16:50:32.134] [DEBUG] debug-file - java daemon socket close code:1000 reason:close by user
[2026-05-12T16:50:32.138] [DEBUG] debug-file - worker[1] exits with exit code 1.
[2026-05-12T16:50:32.139] [DEBUG] debug-file - worker[0] exits with exit code 1.
[2026-05-12T16:50:32.140] [DEBUG] debug-file - watch worker: worker id should be larger than 0. Nothing will be sent to any worker thread.
[2026-05-12T16:50:32.141] [DEBUG] debug-file - watch worker: worker id should be larger than 0. Nothing will be sent to any worker thread.
[2026-05-12T16:50:32.147] [DEBUG] debug-file - worker[30] exits with exit code 1.
[2026-05-12T16:50:32.147] [DEBUG] debug-file - worker[29] exits with exit code 1.
